// Jest Snapshot v1, https://goo.gl/fbAQLP

exports[`@eslint-kit/node should match snapshots 1`] = `
Array [
  Object {
    "errorCount": 0,
    "fatalErrorCount": 0,
    "filePath": "<text>",
    "fixableErrorCount": 0,
    "fixableWarningCount": 0,
    "messages": Array [],
    "usedDeprecatedRules": Array [],
    "warningCount": 0,
  },
]
`;
