// Jest Snapshot v1, https://goo.gl/fbAQLP

exports[`@eslint-kit/react should match snapshots 1`] = `Array []`;

exports[`@eslint-kit/react should match snapshots 2`] = `Array []`;

exports[`@eslint-kit/react should match snapshots 3`] = `Array []`;
